2025-05-29 13:47:27 - 클라이언트 소켓 생성 중 오류 발생: Connection refused: connect
java.net.ConnectException: Connection refused: connect
	at java.base/sun.nio.ch.Net.connect0(Native Method)
	at java.base/sun.nio.ch.Net.connect(Net.java:579)
	at java.base/sun.nio.ch.Net.connect(Net.java:568)
	at java.base/sun.nio.ch.NioSocketImpl.connect(NioSocketImpl.java:593)
	at java.base/java.net.SocksSocketImpl.connect(SocksSocketImpl.java:327)
	at java.base/java.net.Socket.connect(Socket.java:633)
	at java.base/java.net.Socket.connect(Socket.java:583)
	at java.base/java.net.Socket.<init>(Socket.java:507)
	at java.base/java.net.Socket.<init>(Socket.java:287)
	at com.mypro.particulate.main.client.TcpClient.main(TcpClient.java:36)
2025-05-29 13:48:45 - 전송할 CSV 파일명: 기간별_일평균_대기환경_정보_2024년.csv
2025-05-29 14:01:41 - 전송할 CSV 파일명: 기간별_일평균_대기환경_정보_2024년.csv
2025-05-29 14:03:57 - 전송할 CSV 파일명: 기간별_일평균_대기환경_정보_2024년.csv
2025-05-29 14:08:00 - 전송할 CSV 파일명: 기간별_일평균_대기환경_정보_2024년.csv
2025-05-29 14:12:00 - 전송할 CSV 파일명: 기간별_일평균_대기환경_정보_2024년.csv
2025-05-29 14:12:00 - [알림] 20240101 동남권 영업소: 초미세먼지 보통 상태

2025-05-29 14:12:01 - [알림] 20240101 동남권 영업소: 초미세먼지 보통 상태

2025-05-29 14:12:01 - [알림] 20240101 동북권 영업소: 초미세먼지 보통 상태

2025-05-29 14:12:01 - [알림] 20240101 서남권 영업소: 초미세먼지 보통 상태

2025-05-29 14:12:01 - [알림] 20240101 서남권 영업소: 미세먼지 보통 상태
[알림] 20240101 서남권 영업소: 초미세먼지 보통 상태

2025-05-29 14:12:01 - 
2025-05-29 14:12:01 - [알림] 20240101 서남권 영업소: 미세먼지 보통 상태
[알림] 20240101 서남권 영업소: 초미세먼지 보통 상태

2025-05-29 14:12:01 - [알림] 20240101 서남권 영업소: 미세먼지 보통 상태
[알림] 20240101 서남권 영업소: 초미세먼지 보통 상태

2025-05-29 14:12:01 - [알림] 20240101 동북권 영업소: 초미세먼지 보통 상태

2025-05-29 14:12:01 - [알림] 20240101 동북권 영업소: 초미세먼지 보통 상태

2025-05-29 14:12:02 - [알림] 20240101 동북권 영업소: 초미세먼지 보통 상태

2025-05-29 14:12:02 - [알림] 20240101 서남권 영업소: 초미세먼지 보통 상태

2025-05-29 14:12:02 - [알림] 20240101 서북권 영업소: 초미세먼지 보통 상태

2025-05-29 14:12:02 - [알림] 20240101 서북권 영업소: 초미세먼지 보통 상태

2025-05-29 14:12:02 - [알림] 20240101 동남권 영업소: 초미세먼지 보통 상태

2025-05-29 14:12:02 - [알림] 20240101 동북권 영업소: 초미세먼지 보통 상태

2025-05-29 14:12:02 - [알림] 20240101 동북권 영업소: 초미세먼지 보통 상태

2025-05-29 14:12:02 - [알림] 20240101 동남권 영업소: 초미세먼지 보통 상태

2025-05-29 14:12:02 - [알림] 20240101 서남권 영업소: 초미세먼지 보통 상태

2025-05-29 14:12:03 - [알림] 20240101 서남권 영업소: 초미세먼지 보통 상태

2025-05-29 14:12:03 - [알림] 20240101 도심권 영업소: 초미세먼지 보통 상태

2025-05-29 14:12:03 - [알림] 20240101 서북권 영업소: 초미세먼지 보통 상태

2025-05-29 14:12:03 - [알림] 20240101 도심권 영업소: 초미세먼지 보통 상태

2025-05-29 14:12:03 - [알림] 20240101 도심권 영업소: 초미세먼지 보통 상태

2025-05-29 14:12:03 - [알림] 20240101 동북권 영업소: 초미세먼지 보통 상태

2025-05-29 14:12:03 - [알림] 20240102 동남권 영업소: 미세먼지 보통 상태
[알림] 20240102 동남권 영업소: 초미세먼지 보통 상태

2025-05-29 14:12:03 - [알림] 20240102 동남권 영업소: 미세먼지 보통 상태
[알림] 20240102 동남권 영업소: 초미세먼지 보통 상태

2025-05-29 14:12:03 - [알림] 20240102 동북권 영업소: 미세먼지 보통 상태
[알림] 20240102 동북권 영업소: 초미세먼지 보통 상태

2025-05-29 14:12:04 - [알림] 20240102 서남권 영업소: 미세먼지 보통 상태
[알림] 20240102 서남권 영업소: 초미세먼지 보통 상태

2025-05-29 14:12:04 - [알림] 20240102 서남권 영업소: 미세먼지 보통 상태
[알림] 20240102 서남권 영업소: 초미세먼지 보통 상태

2025-05-29 14:12:04 - [알림] 20240102 동북권 영업소: 미세먼지 보통 상태
[알림] 20240102 동북권 영업소: 초미세먼지 보통 상태

2025-05-29 14:12:04 - [알림] 20240102 서남권 영업소: 미세먼지 보통 상태
[알림] 20240102 서남권 영업소: 초미세먼지 보통 상태

2025-05-29 14:12:04 - [알림] 20240102 서남권 영업소: 미세먼지 보통 상태
[알림] 20240102 서남권 영업소: 초미세먼지 보통 상태

2025-05-29 14:12:04 - [알림] 20240102 동북권 영업소: 미세먼지 보통 상태
[알림] 20240102 동북권 영업소: 초미세먼지 보통 상태

2025-05-29 14:12:04 - [알림] 20240102 동북권 영업소: 미세먼지 보통 상태
[알림] 20240102 동북권 영업소: 초미세먼지 보통 상태

